// Jest Snapshot v1, https://goo.gl/fbAQLP

exports[`@simonkberg/eslint-config should match the snapshot 1`] = `
Object {
  "env": Object {
    "browser": true,
  },
  "extends": Array [
    "standard",
  ],
  "parser": "babel-eslint",
  "plugins": Array [
    "babel",
  ],
  "rules": Object {
    "comma-dangle": Array [
      2,
      Object {
        "arrays": "always-multiline",
        "exports": "always-multiline",
        "functions": "never",
        "imports": "always-multiline",
        "objects": "always-multiline",
      },
    ],
  },
}
`;
